
> my-v0-project@0.1.0 test
> vitest run __tests__/components/header.test.tsx


[1m[46m RUN [49m[22m [36mv3.2.4 [39m[90mC:/project/.NET/trading-journal-ui[39m

 [31mΓ¥»[39m __tests__/components/header.test.tsx [2m([22m[2m1 test[22m[2m | [22m[31m1 failed[39m[2m)[22m[32m 93[2mms[22m[39m
[31m   [31m├ù[31m Header[2m > [22mshows the Setup link inside the account menu[39m[32m 91[2mms[22m[39m
[31m     ΓåÆ Cannot read properties of undefined (reading 'addEventListener')[39m
node.exe : 
At C:\Program Files\nodejs\npm.ps1:29 char:3
+   & $NODE_EXE $NPM_CLI_JS $args
+   ~~~~~~~~~~~~~~~~~~~~~~~~~~~~~
    + CategoryInfo          : NotSpecified: (:String) [], RemoteException
    + FullyQualifiedErrorId : NativeCommandError
 
[31mΓÄ»ΓÄ»ΓÄ»ΓÄ»ΓÄ»ΓÄ»ΓÄ»[39m[1m[41m Failed Tests 1 [49m[22m[31mΓÄ»ΓÄ»ΓÄ»ΓÄ»ΓÄ»ΓÄ»ΓÄ»[39m

[41m[1m FAIL [22m[49m __tests__/components/header.test.tsx[2m > [22mHeader[2m > [22mshows the Setup link 
inside the account menu
[31m[1mTypeError[22m: Cannot read properties of undefined (reading 'addEventListener')[39m
[36m [2mΓ¥»[22m hooks/use-mobile.ts:[2m13:9[22m[39m
    [90m 11| [39m      [34msetIsMobile[39m(window[33m.[39minnerWidth [33m<[39m [33mMOBILE_BREAKPOINT[39m)
    [90m 12| [39m    }
    [90m 13| [39m    mql[33m.[39m[34maddEventListener[39m([32m'change'[39m[33m,[39m onChange)
    [90m   | [39m        [31m^[39m
    [90m 14| [39m    [34msetIsMobile[39m(window[33m.[39minnerWidth [33m<[39m [33mMOBILE_BREAKPOINT[39m)
    [90m 15| [39m    [35mreturn[39m () [33m=>[39m 
mql[33m.[39m[34mremoveEventListener[39m([32m'change'[39m[33m,[39m onChange)
[90m [2mΓ¥»[22m Object.react_stack_bottom_frame 
node_modules/react-dom/cjs/react-dom-client.development.js:[2m25989:20[22m[39m
[90m [2mΓ¥»[22m runWithFiberInDEV node_modules/react-dom/cjs/react-dom-client.development.js:[2m874:13[22m[39m
[90m [2mΓ¥»[22m commitHookEffectListMount 
node_modules/react-dom/cjs/react-dom-client.development.js:[2m13249:29[22m[39m
[90m [2mΓ¥»[22m commitHookPassiveMountEffects 
node_modules/react-dom/cjs/react-dom-client.development.js:[2m13336:11[22m[39m
[90m [2mΓ¥»[22m commitPassiveMountOnFiber 
node_modules/react-dom/cjs/react-dom-client.development.js:[2m15484:13[22m[39m
[90m [2mΓ¥»[22m recursivelyTraversePassiveMountEffects 
node_modules/react-dom/cjs/react-dom-client.development.js:[2m15439:11[22m[39m
[90m [2mΓ¥»[22m commitPassiveMountOnFiber 
node_modules/react-dom/cjs/react-dom-client.development.js:[2m15519:11[22m[39m
[90m [2mΓ¥»[22m flushPassiveEffects node_modules/react-dom/cjs/react-dom-client.development.js:[2m18432:9[22m[39m
[90m [2mΓ¥»[22m flushPendingEffects 
node_modules/react-dom/cjs/react-dom-client.development.js:[2m18358:14[22m[39m

[31m[2mΓÄ»ΓÄ»ΓÄ»ΓÄ»ΓÄ»ΓÄ»ΓÄ»ΓÄ»ΓÄ»ΓÄ»ΓÄ»ΓÄ»ΓÄ»ΓÄ»ΓÄ»ΓÄ»ΓÄ»ΓÄ»ΓÄ»ΓÄ»ΓÄ»ΓÄ»ΓÄ»ΓÄ»[1/1]ΓÄ»[22m[39m


[2m Test Files [22m [1m[31m1 failed[39m[22m[90m (1)[39m
[2m      Tests [22m [1m[31m1 failed[39m[22m[90m (1)[39m
[2m   Start at [22m 09:57:17
[2m   Duration [22m 11.24s[2m (transform 367ms, setup 405ms, collect 2.95s, tests 93ms, environment 2.25s, prepare 208ms)[22m

